---
source: src/lib.rs
info:
  program: echo
  args:
    - "27"
---
success: true
exit_code: 0
----- stdout -----
27

----- stderr -----
